usbd_cdc_if.c:42:10:cdcAvailable	16	static
usbd_cdc_if.c:51:9:cdcRead	16	static
usbd_cdc_if.c:65:6:cdcDataIn	24	static
usbd_cdc_if.c:79:10:cdcWrite	24	static
usbd_cdc_if.c:111:10:cdcGetBaud	4	static
usbd_cdc_if.c:118:9:USBD_CDC_SOF	32	static
usbd_cdc_if.c:264:15:CDC_Init_FS	8	static
usbd_cdc_if.c:278:15:CDC_DeInit_FS	4	static
usbd_cdc_if.c:292:15:CDC_Control_FS	16	static
usbd_cdc_if.c:386:15:CDC_Receive_FS	32	static
usbd_cdc_if.c:429:9:CDC_Transmit_FS	24	static
usbd_cdc_if.c:455:15:CDC_TransmitCplt_FS	32	static
