usbd_cdc_if.c:42:10:cdcAvailable	16	static
usbd_cdc_if.c:51:9:cdcRead	16	static
usbd_cdc_if.c:65:6:cdcDataIn	24	static
usbd_cdc_if.c:79:10:cdcWrite	24	static
usbd_cdc_if.c:112:10:cdcGetBaud	4	static
usbd_cdc_if.c:119:9:USBD_CDC_SOF	32	static
usbd_cdc_if.c:265:15:CDC_Init_FS	8	static
usbd_cdc_if.c:279:15:CDC_DeInit_FS	4	static
usbd_cdc_if.c:293:15:CDC_Control_FS	16	static
usbd_cdc_if.c:387:15:CDC_Receive_FS	32	static
usbd_cdc_if.c:430:9:CDC_Transmit_FS	24	static
usbd_cdc_if.c:456:15:CDC_TransmitCplt_FS	32	static
