cli.c:110:6:cliInit	8	static
cli.c:135:6:cliOpen	16	static
cli.c:145:6:cliOpenLog	24	static
cli.c:161:6:cliLogClose	4	static
cli.c:167:6:cliShowLog	24	static
cli.c:187:6:cliShowPrompt	16	static
cli.c:193:6:cliMain	8	static
cli.c:208:6:cliUpdate	56	static
cli.c:419:6:cliLineClean	16	static
cli.c:427:6:cliLineAdd	16	static
cli.c:442:6:cliLineChange	24	static
cli.c:484:6:cliRunCmd	24	static
cli.c:510:6:cliParseArgs	40	static
cli.c:542:6:cliPrintf	24	static
cli.c:556:6:cliToUpper	24	static
cli.c:583:9:cliArgsGetData	24	static
cli.c:599:7:cliArgsGetFloat	24	static
cli.c:615:7:cliArgsGetStr	24	static
cli.c:631:6:cliArgsIsStr	24	static
cli.c:650:6:cliKeepLoop	16	static
cli.c:665:6:cliAdd	32	static
cli.c:688:6:cliShowList	24	static
cli.c:705:6:cliMemoryDump	56	static
