lcd.c:81:6:TransferDoneISR	8	static
lcd.c:95:6:lcdInit	24	static
lcd.c:131:10:lcdGetDrawTime	4	static
lcd.c:136:6:lcdIsInit	4	static
lcd.c:141:6:lcdReset	8	static
lcd.c:146:9:lcdGetBackLight	4	static
lcd.c:151:6:lcdSetBackLight	16	static
lcd.c:170:22:lcdReadPixel	0	static
lcd.c:175:18:lcdDrawPixel	0	static
lcd.c:180:18:lcdClear	8	static
lcd.c:187:18:lcdClearBuffer	8	static
lcd.c:197:18:lcdDrawFillCircle	48	static
lcd.c:228:18:lcdDrawCircleHelper	56	static
lcd.c:269:18:lcdDrawRoundRect	80	static
lcd.c:284:18:lcdDrawFillCircleHelper	56	static
lcd.c:319:18:lcdDrawFillRoundRect	48	static
lcd.c:329:18:lcdDrawTriangle	40	static
lcd.c:336:18:lcdDrawFillTriangle	72	dynamic
lcd.c:372:10:lcdGetFps	4	static
lcd.c:377:10:lcdGetFpsTime	4	static
lcd.c:382:6:lcdDrawAvailable	4	static
lcd.c:387:6:lcdRequestDraw	16	static
lcd.c:402:6:lcdUpdateDraw	8	static
lcd.c:411:6:lcdSetWindow	24	static
lcd.c:416:11:lcdGetFrameBuffer	4	static
lcd.c:421:11:lcdGetCurrentFrameBuffer	4	static
lcd.c:426:6:lcdDisplayOff	4	static
lcd.c:430:6:lcdDisplayOn	8	static
lcd.c:435:9:lcdGetWidth	4	static
lcd.c:440:9:lcdGetHeight	4	static
lcd.c:446:6:lcdDrawLine	48	static
lcd.c:500:6:lcdDrawLineBuffer	48	static
lcd.c:568:6:lcdDrawVLine	32	static
lcd.c:573:6:lcdDrawHLine	32	static
lcd.c:578:6:lcdDrawFillRect	32	static
lcd.c:586:6:lcdDrawRect	24	static
lcd.c:594:6:lcdDrawFillScreen	24	static
lcd.c:599:6:lcdPrintf	348	static
lcd.c:643:10:lcdGetStrWidth	328	static
lcd.c:674:6:disHanFont	40	static
lcd.c:711:6:cliLcd	32	static
