sd.c:30:6:sdInit	16	static
sd.c:69:6:sdDeInit	16	static
sd.c:85:6:sdIsInit	4	static
sd.c:92:6:sdIsDetected	8	static
sd.c:109:6:sdGetInfo	64	static
sd.c:137:6:sdIsBusy	16	static
sd.c:156:6:sdIsReady	24	static
sd.c:175:6:sdReadBlocks	32	static
sd.c:208:6:HAL_SD_RxCpltCallback	16	static
sd.c:214:6:HAL_SD_TxCpltCallback	16	static
sd.c:220:6:sdWriteBlocks	32	static
sd.c:254:6:sdEraseBlocks	24	static
sd.c:267:6:HAL_SD_MspInit	56	static
sd.c:366:6:HAL_SD_MspDeInit	16	static
sd.c:405:6:cliSd	552	static
