spi.c:34:6:spiInit	16	static
spi.c:49:6:spiBegin	24	static
spi.c:84:6:spiSetDataMode	24	static
spi.c:124:6:spiSetBitWidth	24	static
spi.c:139:9:spiTransfer8	32	static
spi.c:152:10:spiTransfer16	40	static
spi.c:180:6:spiDmaTxStart	32	static
spi.c:190:6:spiDmaTxTransfer	32	static
spi.c:214:6:spiDmaTxIsDone	24	static
spi.c:223:6:spiAttachTxInterrupt	24	static
spi.c:236:6:HAL_SPI_TxCpltCallback	24	static
spi.c:253:6:HAL_SPI_MspInit	64	static
spi.c:346:6:HAL_SPI_MspDeInit	16	static
spi.c:403:6:MX_SPI1_Init	8	static
